Анализируемый файл "arabic.in"
Сводная статистика
   Число предложений: 4
   Число слов: 66
   Число чисел: 3
   Число сумм: 0
Статистика по предложениям
   Число предложений: 4 (4 различных).
   Минимальное предложение: "تسجّل الآن لحضور المؤتمر الدولي العاشر ليونيكود (Unicode Conference)، الذي سيعقد في 10-12 آذار 1997 بمدينة مَايِنْتْس، ألمانيا.".
   Максимальное предложение: "و سيجمع المؤتمر بين خبراء من كافة قطاعات الصناعة على الشبكة العالمية انترنيت ويونيكود، حيث ستتم، على الصعيدين الدولي والمحلي على حد سواء مناقشة سبل استخدام يونكود في النظم القائمة وفيما يخص التطبيقات الحاسوبية، الخطوط، تصميم النصوص والحوسبة متعددة اللغات.".
   Минимальная длина предложения: 12 ("مَمِمّمَّمِّ").
   Максимальная длина предложения: 255 ("و سيجمع المؤتمر بين خبراء من كافة قطاعات الصناعة على الشبكة العالمية انترنيت ويونيكود، حيث ستتم، على الصعيدين الدولي والمحلي على حد سواء مناقشة سبل استخدام يونكود في النظم القائمة وفيما يخص التطبيقات الحاسوبية، الخطوط، تصميم النصوص والحوسبة متعددة اللغات.").
   Средняя длина предложения: 112,5.
Статистика по словам
   Число слов: 66 (61 различное).
   Минимальное слово: "Conference".
   Максимальное слово: "يونيكود".
   Минимальная длина слова: 1 ("و").
   Максимальная длина слова: 12 ("مَمِمّمَّمِّ").
   Средняя длина слова: 5,47.
Статистика по числам
   Число чисел: 3 (3 различных).
   Минимальное число: 10.
   Максимальное число: 1 997.
   Среднее число: 673.
