Анализируемый файл "complex_russian.in"
Сводная статистика
   Число предложений: 43
   Число слов: 275
   Число чисел: 37
   Число сумм: 3
Статистика по предложениям
   Число предложений: 43 (43 различных).
   Минимальное предложение: "Аргументы командной строки: локаль текста, локаль вывода, файл с текстом, файл отчета.".
   Максимальное предложение: "Число чисел: 40.".
   Минимальная длина предложения: 13 ("Число дат: 3.").
   Максимальная длина предложения: 211 ("Для каждой категории должна собираться следующая статистика: число вхождений, число различных значений, минимальное значение, максимальное значение, минимальная длина, максимальная длина, среднее значение/длина.").
   Средняя длина предложения: 56,023.
Статистика по словам
   Число слов: 275 (156 различных).
   Минимальное слово: "GK".
   Максимальное слово: "языках".
   Минимальная длина слова: 1 ("с").
   Максимальная длина слова: 14 ("TextStatistics").
   Средняя длина слова: 6,72.
Статистика по числам
   Число чисел: 37 (24 различных).
   Минимальное число: -12 345.
   Максимальное число: 12 345,67.
   Среднее число: 224,217.
Статистика по суммам денег
   Число сумм: 3 (3 различных).
   Минимальная сумма: 100,00 ₽.
   Максимальная сумма: 345,67 ₽.
   Средняя сумма: 222,83 ₽.
Статистика по датам
   Число дат: 3 (3 различных).
   Минимальная дата: 19 мая 2022 г..
   Максимальная дата: 2 июн. 2022 г..
   Средняя дата: 26 мая 2022 г..
