Анализируемый файл "de.in"
Сводная статистика
   Число предложений: 13
   Число слов: 151
   Число чисел: 3
   Число сумм: 0
Статистика по предложениям
   Число предложений: 13 (13 различных).
   Минимальное предложение: "Am Samstag gehen wir oft ins Kino.".
   Максимальное предложение: "Wir wohnen mit unseren Eltern in einem Haus in der Nähe von München.".
   Минимальная длина предложения: 30 ("Sonntag ist mein Lieblingstag!").
   Максимальная длина предложения: 135 ("Ich bin 15 Jahre alt und habe zwei Geschwister: Meine Schwester heißt Klara und ist 13 Jahre alt, mein Bruder Michael ist 18 Jahre alt.").
   Средняя длина предложения: 67.
Статистика по словам
   Число слов: 151 (98 различных).
   Минимальное слово: "alt".
   Максимальное слово: "zwei".
   Минимальная длина слова: 2 ("in").
   Максимальная длина слова: 13 ("Lieblingsfach").
   Средняя длина слова: 4,656.
Статистика по числам
   Число чисел: 3 (3 различных).
   Минимальное число: 13.
   Максимальное число: 18.
   Среднее число: 15,333.