Анализируемый файл "simple_russian.in"
Сводная статистика
   Число предложений: 5
   Число слов: 123
   Число чисел: 0
   Число сумм: 0
Статистика по предложениям
   Число предложений: 5 (5 различных).
   Минимальное предложение: "Веленью божию, о муза, будь послушна, Обиды не страшась, не требуя венца; Хвалу и клевету приемли равнодушно И не оспаривай глупца.".
   Максимальное предложение: "Я памятник себе воздвиг нерукотворный, К нему не зарастет народная тропа, Вознесся выше он главою непокорной Александрийского столпа.".
   Минимальная длина предложения: 131 ("Веленью божию, о муза, будь послушна, Обиды не страшась, не требуя венца; Хвалу и клевету приемли равнодушно И не оспаривай глупца.").
   Максимальная длина предложения: 153 ("Слух обо мне пройдет по всей Руси великой, И назовет меня всяк сущий в ней язык, И гордый внук славян, и финн, и ныне дикой Тунгус, и друг степей калмык.").
   Средняя длина предложения: 141,4.
Статистика по словам
   Число слов: 123 (101 различное).
   Минимальное слово: "Александрийского".
   Максимальное слово: "язык".
   Минимальная длина слова: 1 ("Я").
   Максимальная длина слова: 16 ("Александрийского").
   Средняя длина слова: 4,585.
