Анализируемый файл "simple_english.in"
Сводная статистика
   Число предложений: 3
   Число слов: 120
   Число чисел: 0
   Число сумм: 0
Статистика по предложениям
   Число предложений: 3 (3 различных).
   Минимальное предложение: "And on that cheek, and o'er that brow,      So soft, so calm, yet eloquent, The smiles that win, the tints that glow,      But tell of days in goodness spent, A mind at peace with all below,      A heart whose love is innocent!".
   Максимальное предложение: "She walks in beauty, like the night      Of cloudless climes and starry skies; And all that 's best of dark and bright      Meet in her aspect and her eyes: Thus mellow'd to that tender light      Which heaven to gaudy day denies.".
   Минимальная длина предложения: 227 ("And on that cheek, and o'er that brow,      So soft, so calm, yet eloquent, The smiles that win, the tints that glow,      But tell of days in goodness spent, A mind at peace with all below,      A heart whose love is innocent!").
   Максимальная длина предложения: 236 ("One shade the more, one ray the less,      Had half impair'd the nameless grace Which waves in every raven tress,      Or softly lightens o'er her face; Where thoughts serenely sweet express      How pure, how dear their dwelling-place.").
   Средняя длина предложения: 231.
Статистика по словам
   Число слов: 120 (96 различных).
   Минимальное слово: "A".
   Максимальное слово: "yet".
   Минимальная длина слова: 1 ("s").
   Максимальная длина слова: 14 ("dwelling-place").
   Средняя длина слова: 4,25.
